// Jest Snapshot v1, https://goo.gl/fbAQLP

exports[`ProfileComponent renders with data 1`] = `
ShallowWrapper {
  "length": 1,
  Symbol(enzyme.__root__): [Circular],
  Symbol(enzyme.__unrendered__): <ProfilePure
    viewer={
      Object {
        "bio": "",
        "company": null,
        "login": "loginMock",
        "name": "nameMock",
        "repositories": null,
        "url": "",
      }
    }
  />,
  Symbol(enzyme.__renderer__): Object {
    "batchedUpdates": [Function],
    "getNode": [Function],
    "render": [Function],
    "simulateEvent": [Function],
    "unmount": [Function],
  },
  Symbol(enzyme.__node__): Object {
    "instance": null,
    "key": undefined,
    "nodeType": "class",
    "props": Object {
      "children": Array [
        <Text
          accessible={true}
          allowFontScaling={true}
          ellipsizeMode="tail"
          style={
            Object {
              "fontSize": 16,
              "fontWeight": "bold",
              "width": 300,
            }
          }
        >
          User
        </Text>,
        <Text
          accessible={true}
          allowFontScaling={true}
          ellipsizeMode="tail"
          style={
            Object {
              "width": 300,
            }
          }
        >
          nameMock
        </Text>,
        <Text
          accessible={true}
          allowFontScaling={true}
          ellipsizeMode="tail"
          style={
            Object {
              "fontSize": 16,
              "fontWeight": "bold",
              "width": 300,
            }
          }
        >
          Company
        </Text>,
        <Text
          accessible={true}
          allowFontScaling={true}
          ellipsizeMode="tail"
          style={
            Object {
              "width": 300,
            }
          }
        />,
        <Text
          accessible={true}
          allowFontScaling={true}
          ellipsizeMode="tail"
          style={
            Object {
              "fontSize": 16,
              "fontWeight": "bold",
              "width": 300,
            }
          }
        >
          Bio
        </Text>,
        <Text
          accessible={true}
          allowFontScaling={true}
          ellipsizeMode="tail"
          style={
            Object {
              "width": 300,
            }
          }
        >
          
        </Text>,
        <Text
          accessible={true}
          allowFontScaling={true}
          ellipsizeMode="tail"
          style={
            Object {
              "fontSize": 16,
              "fontWeight": "bold",
              "width": 300,
            }
          }
        >
          Repositories
        </Text>,
        <Component
          style={
            Array [
              Object {
                "flex": 1,
              },
              Object {
                "padding": 10,
              },
            ]
          }
        >
          <RepositoryList
            repositories={null}
          />
        </Component>,
      ],
      "style": Array [
        Object {
          "flex": 1,
        },
        Object {
          "padding": 10,
        },
      ],
    },
    "ref": null,
    "rendered": Array [
      Object {
        "instance": null,
        "key": undefined,
        "nodeType": "class",
        "props": Object {
          "accessible": true,
          "allowFontScaling": true,
          "children": "User",
          "ellipsizeMode": "tail",
          "style": Object {
            "fontSize": 16,
            "fontWeight": "bold",
            "width": 300,
          },
        },
        "ref": null,
        "rendered": "User",
        "type": [Function],
      },
      Object {
        "instance": null,
        "key": undefined,
        "nodeType": "class",
        "props": Object {
          "accessible": true,
          "allowFontScaling": true,
          "children": "nameMock",
          "ellipsizeMode": "tail",
          "style": Object {
            "width": 300,
          },
        },
        "ref": null,
        "rendered": "nameMock",
        "type": [Function],
      },
      Object {
        "instance": null,
        "key": undefined,
        "nodeType": "class",
        "props": Object {
          "accessible": true,
          "allowFontScaling": true,
          "children": "Company",
          "ellipsizeMode": "tail",
          "style": Object {
            "fontSize": 16,
            "fontWeight": "bold",
            "width": 300,
          },
        },
        "ref": null,
        "rendered": "Company",
        "type": [Function],
      },
      Object {
        "instance": null,
        "key": undefined,
        "nodeType": "class",
        "props": Object {
          "accessible": true,
          "allowFontScaling": true,
          "children": null,
          "ellipsizeMode": "tail",
          "style": Object {
            "width": 300,
          },
        },
        "ref": null,
        "rendered": null,
        "type": [Function],
      },
      Object {
        "instance": null,
        "key": undefined,
        "nodeType": "class",
        "props": Object {
          "accessible": true,
          "allowFontScaling": true,
          "children": "Bio",
          "ellipsizeMode": "tail",
          "style": Object {
            "fontSize": 16,
            "fontWeight": "bold",
            "width": 300,
          },
        },
        "ref": null,
        "rendered": "Bio",
        "type": [Function],
      },
      Object {
        "instance": null,
        "key": undefined,
        "nodeType": "class",
        "props": Object {
          "accessible": true,
          "allowFontScaling": true,
          "children": "",
          "ellipsizeMode": "tail",
          "style": Object {
            "width": 300,
          },
        },
        "ref": null,
        "rendered": "",
        "type": [Function],
      },
      Object {
        "instance": null,
        "key": undefined,
        "nodeType": "class",
        "props": Object {
          "accessible": true,
          "allowFontScaling": true,
          "children": "Repositories",
          "ellipsizeMode": "tail",
          "style": Object {
            "fontSize": 16,
            "fontWeight": "bold",
            "width": 300,
          },
        },
        "ref": null,
        "rendered": "Repositories",
        "type": [Function],
      },
      Object {
        "instance": null,
        "key": undefined,
        "nodeType": "class",
        "props": Object {
          "children": <RepositoryList
            repositories={null}
          />,
          "style": Array [
            Object {
              "flex": 1,
            },
            Object {
              "padding": 10,
            },
          ],
        },
        "ref": null,
        "rendered": Object {
          "instance": null,
          "key": undefined,
          "nodeType": "function",
          "props": Object {
            "repositories": null,
          },
          "ref": null,
          "rendered": null,
          "type": [Function],
        },
        "type": [Function],
      },
    ],
    "type": [Function],
  },
  Symbol(enzyme.__nodes__): Array [
    Object {
      "instance": null,
      "key": undefined,
      "nodeType": "class",
      "props": Object {
        "children": Array [
          <Text
            accessible={true}
            allowFontScaling={true}
            ellipsizeMode="tail"
            style={
              Object {
                "fontSize": 16,
                "fontWeight": "bold",
                "width": 300,
              }
            }
          >
            User
          </Text>,
          <Text
            accessible={true}
            allowFontScaling={true}
            ellipsizeMode="tail"
            style={
              Object {
                "width": 300,
              }
            }
          >
            nameMock
          </Text>,
          <Text
            accessible={true}
            allowFontScaling={true}
            ellipsizeMode="tail"
            style={
              Object {
                "fontSize": 16,
                "fontWeight": "bold",
                "width": 300,
              }
            }
          >
            Company
          </Text>,
          <Text
            accessible={true}
            allowFontScaling={true}
            ellipsizeMode="tail"
            style={
              Object {
                "width": 300,
              }
            }
          />,
          <Text
            accessible={true}
            allowFontScaling={true}
            ellipsizeMode="tail"
            style={
              Object {
                "fontSize": 16,
                "fontWeight": "bold",
                "width": 300,
              }
            }
          >
            Bio
          </Text>,
          <Text
            accessible={true}
            allowFontScaling={true}
            ellipsizeMode="tail"
            style={
              Object {
                "width": 300,
              }
            }
          >
            
          </Text>,
          <Text
            accessible={true}
            allowFontScaling={true}
            ellipsizeMode="tail"
            style={
              Object {
                "fontSize": 16,
                "fontWeight": "bold",
                "width": 300,
              }
            }
          >
            Repositories
          </Text>,
          <Component
            style={
              Array [
                Object {
                  "flex": 1,
                },
                Object {
                  "padding": 10,
                },
              ]
            }
          >
            <RepositoryList
              repositories={null}
            />
          </Component>,
        ],
        "style": Array [
          Object {
            "flex": 1,
          },
          Object {
            "padding": 10,
          },
        ],
      },
      "ref": null,
      "rendered": Array [
        Object {
          "instance": null,
          "key": undefined,
          "nodeType": "class",
          "props": Object {
            "accessible": true,
            "allowFontScaling": true,
            "children": "User",
            "ellipsizeMode": "tail",
            "style": Object {
              "fontSize": 16,
              "fontWeight": "bold",
              "width": 300,
            },
          },
          "ref": null,
          "rendered": "User",
          "type": [Function],
        },
        Object {
          "instance": null,
          "key": undefined,
          "nodeType": "class",
          "props": Object {
            "accessible": true,
            "allowFontScaling": true,
            "children": "nameMock",
            "ellipsizeMode": "tail",
            "style": Object {
              "width": 300,
            },
          },
          "ref": null,
          "rendered": "nameMock",
          "type": [Function],
        },
        Object {
          "instance": null,
          "key": undefined,
          "nodeType": "class",
          "props": Object {
            "accessible": true,
            "allowFontScaling": true,
            "children": "Company",
            "ellipsizeMode": "tail",
            "style": Object {
              "fontSize": 16,
              "fontWeight": "bold",
              "width": 300,
            },
          },
          "ref": null,
          "rendered": "Company",
          "type": [Function],
        },
        Object {
          "instance": null,
          "key": undefined,
          "nodeType": "class",
          "props": Object {
            "accessible": true,
            "allowFontScaling": true,
            "children": null,
            "ellipsizeMode": "tail",
            "style": Object {
              "width": 300,
            },
          },
          "ref": null,
          "rendered": null,
          "type": [Function],
        },
        Object {
          "instance": null,
          "key": undefined,
          "nodeType": "class",
          "props": Object {
            "accessible": true,
            "allowFontScaling": true,
            "children": "Bio",
            "ellipsizeMode": "tail",
            "style": Object {
              "fontSize": 16,
              "fontWeight": "bold",
              "width": 300,
            },
          },
          "ref": null,
          "rendered": "Bio",
          "type": [Function],
        },
        Object {
          "instance": null,
          "key": undefined,
          "nodeType": "class",
          "props": Object {
            "accessible": true,
            "allowFontScaling": true,
            "children": "",
            "ellipsizeMode": "tail",
            "style": Object {
              "width": 300,
            },
          },
          "ref": null,
          "rendered": "",
          "type": [Function],
        },
        Object {
          "instance": null,
          "key": undefined,
          "nodeType": "class",
          "props": Object {
            "accessible": true,
            "allowFontScaling": true,
            "children": "Repositories",
            "ellipsizeMode": "tail",
            "style": Object {
              "fontSize": 16,
              "fontWeight": "bold",
              "width": 300,
            },
          },
          "ref": null,
          "rendered": "Repositories",
          "type": [Function],
        },
        Object {
          "instance": null,
          "key": undefined,
          "nodeType": "class",
          "props": Object {
            "children": <RepositoryList
              repositories={null}
            />,
            "style": Array [
              Object {
                "flex": 1,
              },
              Object {
                "padding": 10,
              },
            ],
          },
          "ref": null,
          "rendered": Object {
            "instance": null,
            "key": undefined,
            "nodeType": "function",
            "props": Object {
              "repositories": null,
            },
            "ref": null,
            "rendered": null,
            "type": [Function],
          },
          "type": [Function],
        },
      ],
      "type": [Function],
    },
  ],
  Symbol(enzyme.__options__): Object {
    "adapter": ReactSixteenAdapter {
      "options": Object {
        "enableComponentDidUpdateOnSetState": true,
      },
    },
  },
}
`;
